Archive member included because of file (symbol)

c:/program files (x86)/atmel/atmel studio 6.0/extensions/atmel/avrgcc/3.4.0.65/avrtoolchain/bin/../lib/gcc/avr/4.6.2/avr51\libgcc.a(_mulsi3.o)
                              ff.o (__mulsi3)
c:/program files (x86)/atmel/atmel studio 6.0/extensions/atmel/avrgcc/3.4.0.65/avrtoolchain/bin/../lib/gcc/avr/4.6.2/avr51\libgcc.a(_udivmodsi4.o)
                              ff.o (__udivmodsi4)
c:/program files (x86)/atmel/atmel studio 6.0/extensions/atmel/avrgcc/3.4.0.65/avrtoolchain/bin/../lib/gcc/avr/4.6.2/avr51\libgcc.a(_exit.o)
                              c:/program files (x86)/atmel/atmel studio 6.0/extensions/atmel/avrgcc/3.4.0.65/avrtoolchain/bin/../lib/gcc/avr/4.6.2/../../../../avr/lib/avr51/crtm1284p.o (exit)
c:/program files (x86)/atmel/atmel studio 6.0/extensions/atmel/avrgcc/3.4.0.65/avrtoolchain/bin/../lib/gcc/avr/4.6.2/avr51\libgcc.a(_copy_data.o)
                              diskio.o (__do_copy_data)
c:/program files (x86)/atmel/atmel studio 6.0/extensions/atmel/avrgcc/3.4.0.65/avrtoolchain/bin/../lib/gcc/avr/4.6.2/avr51\libgcc.a(_clear_bss.o)
                              diskio.o (__do_clear_bss)

Allocating common symbols
Common symbol       size              file

adcvalComb2         0x2               GccApplication1_IVFW2.o
bytesRead           0x2               GccApplication1_IVFW2.o
adch_val2           0x1               GccApplication1_IVFW2.o
lsb                 0x1               GccApplication1_IVFW2.o
tester              0x1               GccApplication1_IVFW2.o
adcvalComb          0x2               GccApplication1_IVFW2.o
errCode             0x1               GccApplication1_IVFW2.o
file                0x220             GccApplication1_IVFW2.o
adcl_val2           0x1               GccApplication1_IVFW2.o
toReceive           0x8               GccApplication1_IVFW2.o
read                0x2               GccApplication1_IVFW2.o
DATA_BCM            0x2               GccApplication1_IVFW2.o
msb                 0x1               GccApplication1_IVFW2.o
DATA_WSM            0x2               GccApplication1_IVFW2.o
DATA_RTD2           0x2               GccApplication1_IVFW2.o
toSend              0x8               GccApplication1_IVFW2.o
arrFill             0x200             GccApplication1_IVFW2.o
r7                  0x1               GccApplication1_IVFW2.o
dir                 0x16              GccApplication1_IVFW2.o
adcl_val            0x1               GccApplication1_IVFW2.o
msb_lsb_comb        0x2               GccApplication1_IVFW2.o
r2                  0x1               GccApplication1_IVFW2.o
DATA_RTD1           0x2               GccApplication1_IVFW2.o
res                 0x1               GccApplication1_IVFW2.o
adch_val            0x1               GccApplication1_IVFW2.o
fatfs               0x232             GccApplication1_IVFW2.o
r1                  0x1               GccApplication1_IVFW2.o

Memory Configuration

Name             Origin             Length             Attributes
text             0x00000000         0x00020000         xr
data             0x00800100         0x0000ff00         rw !x
eeprom           0x00810000         0x00010000         rw !x
fuse             0x00820000         0x00000400         rw !x
lock             0x00830000         0x00000400         rw !x
signature        0x00840000         0x00000400         rw !x
*default*        0x00000000         0xffffffff

Linker script and memory map

Address of section .data set to 0x800100
LOAD c:/program files (x86)/atmel/atmel studio 6.0/extensions/atmel/avrgcc/3.4.0.65/avrtoolchain/bin/../lib/gcc/avr/4.6.2/../../../../avr/lib/avr51/crtm1284p.o
LOAD diskio.o
LOAD ff.o
LOAD GccApplication1_IVFW2.o
LOAD uart.o
START GROUP
LOAD c:/program files (x86)/atmel/atmel studio 6.0/extensions/atmel/avrgcc/3.4.0.65/avrtoolchain/bin/../lib/gcc/avr/4.6.2/../../../../avr/lib/avr51\libm.a
END GROUP
LOAD c:/program files (x86)/atmel/atmel studio 6.0/extensions/atmel/avrgcc/3.4.0.65/avrtoolchain/bin/../lib/gcc/avr/4.6.2/avr51\libgcc.a
LOAD c:/program files (x86)/atmel/atmel studio 6.0/extensions/atmel/avrgcc/3.4.0.65/avrtoolchain/bin/../lib/gcc/avr/4.6.2/../../../../avr/lib/avr51\libc.a
LOAD c:/program files (x86)/atmel/atmel studio 6.0/extensions/atmel/avrgcc/3.4.0.65/avrtoolchain/bin/../lib/gcc/avr/4.6.2/avr51\libgcc.a

.hash
 *(.hash)

.dynsym
 *(.dynsym)

.dynstr
 *(.dynstr)

.gnu.version
 *(.gnu.version)

.gnu.version_d
 *(.gnu.version_d)

.gnu.version_r
 *(.gnu.version_r)

.rel.init
 *(.rel.init)

.rela.init
 *(.rela.init)

.rel.text
 *(.rel.text)
 *(.rel.text.*)
 *(.rel.gnu.linkonce.t*)

.rela.text
 *(.rela.text)
 *(.rela.text.*)
 *(.rela.gnu.linkonce.t*)

.rel.fini
 *(.rel.fini)

.rela.fini
 *(.rela.fini)

.rel.rodata
 *(.rel.rodata)
 *(.rel.rodata.*)
 *(.rel.gnu.linkonce.r*)

.rela.rodata
 *(.rela.rodata)
 *(.rela.rodata.*)
 *(.rela.gnu.linkonce.r*)

.rel.data
 *(.rel.data)
 *(.rel.data.*)
 *(.rel.gnu.linkonce.d*)

.rela.data
 *(.rela.data)
 *(.rela.data.*)
 *(.rela.gnu.linkonce.d*)

.rel.ctors
 *(.rel.ctors)

.rela.ctors
 *(.rela.ctors)

.rel.dtors
 *(.rel.dtors)

.rela.dtors
 *(.rela.dtors)

.rel.got
 *(.rel.got)

.rela.got
 *(.rela.got)

.rel.bss
 *(.rel.bss)

.rela.bss
 *(.rela.bss)

.rel.plt
 *(.rel.plt)

.rela.plt
 *(.rela.plt)

.text           0x00000000     0x4f30
 *(.vectors)
 .vectors       0x00000000       0x8c c:/program files (x86)/atmel/atmel studio 6.0/extensions/atmel/avrgcc/3.4.0.65/avrtoolchain/bin/../lib/gcc/avr/4.6.2/../../../../avr/lib/avr51/crtm1284p.o
                0x00000000                __vector_default
                0x00000000                __vectors
 *(.vectors)
 *(.progmem.gcc*)
 *(.progmem*)
                0x0000008c                . = ALIGN (0x2)
                0x0000008c                __trampolines_start = .
 *(.trampolines)
 .trampolines   0x0000008c        0x0 linker stubs
 *(.trampolines*)
                0x0000008c                __trampolines_end = .
 *(.jumptables)
 *(.jumptables*)
 *(.lowtext)
 *(.lowtext*)
                0x0000008c                __ctors_start = .
 *(.ctors)
                0x0000008c                __ctors_end = .
                0x0000008c                __dtors_start = .
 *(.dtors)
                0x0000008c                __dtors_end = .
 SORT(*)(.ctors)
 SORT(*)(.dtors)
 *(.init0)
 .init0         0x0000008c        0x0 c:/program files (x86)/atmel/atmel studio 6.0/extensions/atmel/avrgcc/3.4.0.65/avrtoolchain/bin/../lib/gcc/avr/4.6.2/../../../../avr/lib/avr51/crtm1284p.o
                0x0000008c                __init
 *(.init0)
 *(.init1)
 *(.init1)
 *(.init2)
 .init2         0x0000008c        0xc c:/program files (x86)/atmel/atmel studio 6.0/extensions/atmel/avrgcc/3.4.0.65/avrtoolchain/bin/../lib/gcc/avr/4.6.2/../../../../avr/lib/avr51/crtm1284p.o
 *(.init2)
 *(.init3)
 *(.init3)
 *(.init4)
 .init4         0x00000098       0x1a c:/program files (x86)/atmel/atmel studio 6.0/extensions/atmel/avrgcc/3.4.0.65/avrtoolchain/bin/../lib/gcc/avr/4.6.2/avr51\libgcc.a(_copy_data.o)
                0x00000098                __do_copy_data
 .init4         0x000000b2       0x10 c:/program files (x86)/atmel/atmel studio 6.0/extensions/atmel/avrgcc/3.4.0.65/avrtoolchain/bin/../lib/gcc/avr/4.6.2/avr51\libgcc.a(_clear_bss.o)
                0x000000b2                __do_clear_bss
 *(.init4)
 *(.init5)
 *(.init5)
 *(.init6)
 *(.init6)
 *(.init7)
 *(.init7)
 *(.init8)
 *(.init8)
 *(.init9)
 .init9         0x000000c2        0x8 c:/program files (x86)/atmel/atmel studio 6.0/extensions/atmel/avrgcc/3.4.0.65/avrtoolchain/bin/../lib/gcc/avr/4.6.2/../../../../avr/lib/avr51/crtm1284p.o
 *(.init9)
 *(.text)
 .text          0x000000ca        0x4 c:/program files (x86)/atmel/atmel studio 6.0/extensions/atmel/avrgcc/3.4.0.65/avrtoolchain/bin/../lib/gcc/avr/4.6.2/../../../../avr/lib/avr51/crtm1284p.o
                0x000000ca                __vector_22
                0x000000ca                __vector_28
                0x000000ca                __vector_1
                0x000000ca                __vector_32
                0x000000ca                __vector_34
                0x000000ca                __vector_24
                0x000000ca                __vector_12
                0x000000ca                __bad_interrupt
                0x000000ca                __vector_6
                0x000000ca                __vector_31
                0x000000ca                __vector_3
                0x000000ca                __vector_23
                0x000000ca                __vector_30
                0x000000ca                __vector_25
                0x000000ca                __vector_11
                0x000000ca                __vector_13
                0x000000ca                __vector_17
                0x000000ca                __vector_19
                0x000000ca                __vector_7
                0x000000ca                __vector_27
                0x000000ca                __vector_5
                0x000000ca                __vector_33
                0x000000ca                __vector_4
                0x000000ca                __vector_9
                0x000000ca                __vector_2
                0x000000ca                __vector_15
                0x000000ca                __vector_29
                0x000000ca                __vector_8
                0x000000ca                __vector_26
                0x000000ca                __vector_14
                0x000000ca                __vector_10
                0x000000ca                __vector_16
                0x000000ca                __vector_18
 .text          0x000000ce      0x95a diskio.o
                0x000002be                disk_initialize
                0x00000468                disk_status
                0x00000476                disk_read
                0x00000522                disk_write
                0x00000608                disk_ioctl
                0x000009ee                disk_timerproc
 .text          0x00000a28     0x3b78 ff.o
                0x00001856                get_fattime
                0x0000185e                clust2sect
                0x000018ca                get_fat
                0x00001ca8                put_fat
                0x000028d0                f_mount
                0x000028fc                f_open
                0x00002b54                f_read
                0x00002f10                f_write
                0x00003318                f_sync
                0x000033ce                f_close
                0x000033e6                f_chdrive
                0x000033f4                f_chdir
                0x000034a6                f_lseek
                0x000038e8                f_opendir
                0x000039c4                f_readdir
                0x00003a6e                f_stat
                0x00003aee                f_getfree
                0x00003d7e                f_truncate
                0x00003e9e                f_unlink
                0x00003fe6                f_mkdir
                0x00004288                f_chmod
                0x00004326                f_utime
                0x000043d0                f_rename
 .text          0x000045a0      0x7ac GccApplication1_IVFW2.o
                0x000045a0                crankClock
                0x000045ae                ledInit
                0x000045b4                fat_init
                0x0000464c                SPI_MasterInit
                0x00004662                SPI_MasterTransmit
                0x0000466c                SPI_MasterReceive
                0x00004678                CS1up
                0x0000467c                CS1down
                0x00004680                CS2up
                0x00004684                CS2down
                0x00004688                afeTurnOff
                0x000046ec                AFE_Init_BCM_SS
                0x000047ce                AFE_Init_BCM_Cont
                0x000048b0                readBCM
                0x000048f4                AFE_Init_WSM_SS
                0x0000498e                AFE_Init_WSM_Cont
                0x00004a70                readWSM
                0x00004ab4                set_PORTD_bit
                0x00004af4                rtd1Init
                0x00004b06                rtd1Val
                0x00004b2e                mainOG
                0x00004be4                rtd2Init
                0x00004bf4                rtd2Val
                0x00004c1c                main
 .text          0x00004d4c      0x15e uart.o
                0x00004d4c                uart_init
                0x00004d6a                uart_test
                0x00004d70                uart_get
                0x00004da2                uart_put
                0x00004dd8                __vector_20
                0x00004e34                __vector_21
 .text          0x00004eaa        0x0 c:/program files (x86)/atmel/atmel studio 6.0/extensions/atmel/avrgcc/3.4.0.65/avrtoolchain/bin/../lib/gcc/avr/4.6.2/avr51\libgcc.a(_mulsi3.o)
 .text          0x00004eaa        0x0 c:/program files (x86)/atmel/atmel studio 6.0/extensions/atmel/avrgcc/3.4.0.65/avrtoolchain/bin/../lib/gcc/avr/4.6.2/avr51\libgcc.a(_udivmodsi4.o)
 .text          0x00004eaa        0x0 c:/program files (x86)/atmel/atmel studio 6.0/extensions/atmel/avrgcc/3.4.0.65/avrtoolchain/bin/../lib/gcc/avr/4.6.2/avr51\libgcc.a(_exit.o)
 .text          0x00004eaa        0x0 c:/program files (x86)/atmel/atmel studio 6.0/extensions/atmel/avrgcc/3.4.0.65/avrtoolchain/bin/../lib/gcc/avr/4.6.2/avr51\libgcc.a(_copy_data.o)
 .text          0x00004eaa        0x0 c:/program files (x86)/atmel/atmel studio 6.0/extensions/atmel/avrgcc/3.4.0.65/avrtoolchain/bin/../lib/gcc/avr/4.6.2/avr51\libgcc.a(_clear_bss.o)
                0x00004eaa                . = ALIGN (0x2)
 *(.text.*)
 .text.libgcc   0x00004eaa       0x3e c:/program files (x86)/atmel/atmel studio 6.0/extensions/atmel/avrgcc/3.4.0.65/avrtoolchain/bin/../lib/gcc/avr/4.6.2/avr51\libgcc.a(_mulsi3.o)
                0x00004eaa                __mulsi3
 .text.libgcc   0x00004ee8       0x44 c:/program files (x86)/atmel/atmel studio 6.0/extensions/atmel/avrgcc/3.4.0.65/avrtoolchain/bin/../lib/gcc/avr/4.6.2/avr51\libgcc.a(_udivmodsi4.o)
                0x00004ee8                __udivmodsi4
 .text.libgcc   0x00004f2c        0x0 c:/program files (x86)/atmel/atmel studio 6.0/extensions/atmel/avrgcc/3.4.0.65/avrtoolchain/bin/../lib/gcc/avr/4.6.2/avr51\libgcc.a(_exit.o)
 .text.libgcc   0x00004f2c        0x0 c:/program files (x86)/atmel/atmel studio 6.0/extensions/atmel/avrgcc/3.4.0.65/avrtoolchain/bin/../lib/gcc/avr/4.6.2/avr51\libgcc.a(_copy_data.o)
 .text.libgcc   0x00004f2c        0x0 c:/program files (x86)/atmel/atmel studio 6.0/extensions/atmel/avrgcc/3.4.0.65/avrtoolchain/bin/../lib/gcc/avr/4.6.2/avr51\libgcc.a(_clear_bss.o)
                0x00004f2c                . = ALIGN (0x2)
 *(.fini9)
 .fini9         0x00004f2c        0x0 c:/program files (x86)/atmel/atmel studio 6.0/extensions/atmel/avrgcc/3.4.0.65/avrtoolchain/bin/../lib/gcc/avr/4.6.2/avr51\libgcc.a(_exit.o)
                0x00004f2c                _exit
                0x00004f2c                exit
 *(.fini9)
 *(.fini8)
 *(.fini8)
 *(.fini7)
 *(.fini7)
 *(.fini6)
 *(.fini6)
 *(.fini5)
 *(.fini5)
 *(.fini4)
 *(.fini4)
 *(.fini3)
 *(.fini3)
 *(.fini2)
 *(.fini2)
 *(.fini1)
 *(.fini1)
 *(.fini0)
 .fini0         0x00004f2c        0x4 c:/program files (x86)/atmel/atmel studio 6.0/extensions/atmel/avrgcc/3.4.0.65/avrtoolchain/bin/../lib/gcc/avr/4.6.2/avr51\libgcc.a(_exit.o)
 *(.fini0)
                0x00004f30                _etext = .

.data           0x00800100       0xa0 load address 0x00004f30
                0x00800100                PROVIDE (__data_start, .)
 *(.data)
 .data          0x00800100        0x0 c:/program files (x86)/atmel/atmel studio 6.0/extensions/atmel/avrgcc/3.4.0.65/avrtoolchain/bin/../lib/gcc/avr/4.6.2/../../../../avr/lib/avr51/crtm1284p.o
 .data          0x00800100        0x1 diskio.o
 .data          0x00800101       0x8f ff.o
 .data          0x00800190       0x10 GccApplication1_IVFW2.o
                0x0080019e                result
 .data          0x008001a0        0x0 uart.o
 .data          0x008001a0        0x0 c:/program files (x86)/atmel/atmel studio 6.0/extensions/atmel/avrgcc/3.4.0.65/avrtoolchain/bin/../lib/gcc/avr/4.6.2/avr51\libgcc.a(_mulsi3.o)
 .data          0x008001a0        0x0 c:/program files (x86)/atmel/atmel studio 6.0/extensions/atmel/avrgcc/3.4.0.65/avrtoolchain/bin/../lib/gcc/avr/4.6.2/avr51\libgcc.a(_udivmodsi4.o)
 .data          0x008001a0        0x0 c:/program files (x86)/atmel/atmel studio 6.0/extensions/atmel/avrgcc/3.4.0.65/avrtoolchain/bin/../lib/gcc/avr/4.6.2/avr51\libgcc.a(_exit.o)
 .data          0x008001a0        0x0 c:/program files (x86)/atmel/atmel studio 6.0/extensions/atmel/avrgcc/3.4.0.65/avrtoolchain/bin/../lib/gcc/avr/4.6.2/avr51\libgcc.a(_copy_data.o)
 .data          0x008001a0        0x0 c:/program files (x86)/atmel/atmel studio 6.0/extensions/atmel/avrgcc/3.4.0.65/avrtoolchain/bin/../lib/gcc/avr/4.6.2/avr51\libgcc.a(_clear_bss.o)
 *(.data*)
 *(.rodata)
 *(.rodata*)
 *(.gnu.linkonce.d*)
                0x008001a0                . = ALIGN (0x2)
                0x008001a0                _edata = .
                0x008001a0                PROVIDE (__data_end, .)

.bss            0x008001a0      0x725
                0x008001a0                PROVIDE (__bss_start, .)
 *(.bss)
 .bss           0x008001a0        0x0 c:/program files (x86)/atmel/atmel studio 6.0/extensions/atmel/avrgcc/3.4.0.65/avrtoolchain/bin/../lib/gcc/avr/4.6.2/../../../../avr/lib/avr51/crtm1284p.o
 .bss           0x008001a0        0x3 diskio.o
 .bss           0x008001a3        0x5 ff.o
 .bss           0x008001a8        0x1 GccApplication1_IVFW2.o
                0x008001a8                j
 .bss           0x008001a9       0x86 uart.o
 .bss           0x0080022f        0x0 c:/program files (x86)/atmel/atmel studio 6.0/extensions/atmel/avrgcc/3.4.0.65/avrtoolchain/bin/../lib/gcc/avr/4.6.2/avr51\libgcc.a(_mulsi3.o)
 .bss           0x0080022f        0x0 c:/program files (x86)/atmel/atmel studio 6.0/extensions/atmel/avrgcc/3.4.0.65/avrtoolchain/bin/../lib/gcc/avr/4.6.2/avr51\libgcc.a(_udivmodsi4.o)
 .bss           0x0080022f        0x0 c:/program files (x86)/atmel/atmel studio 6.0/extensions/atmel/avrgcc/3.4.0.65/avrtoolchain/bin/../lib/gcc/avr/4.6.2/avr51\libgcc.a(_exit.o)
 .bss           0x0080022f        0x0 c:/program files (x86)/atmel/atmel studio 6.0/extensions/atmel/avrgcc/3.4.0.65/avrtoolchain/bin/../lib/gcc/avr/4.6.2/avr51\libgcc.a(_copy_data.o)
 .bss           0x0080022f        0x0 c:/program files (x86)/atmel/atmel studio 6.0/extensions/atmel/avrgcc/3.4.0.65/avrtoolchain/bin/../lib/gcc/avr/4.6.2/avr51\libgcc.a(_clear_bss.o)
 *(.bss*)
 *(COMMON)
 COMMON         0x0080022f      0x696 GccApplication1_IVFW2.o
                0x0080022f                adcvalComb2
                0x00800231                bytesRead
                0x00800233                adch_val2
                0x00800234                lsb
                0x00800235                tester
                0x00800236                adcvalComb
                0x00800238                errCode
                0x00800239                file
                0x00800459                adcl_val2
                0x0080045a                toReceive
                0x00800462                read
                0x00800464                DATA_BCM
                0x00800466                msb
                0x00800467                DATA_WSM
                0x00800469                DATA_RTD2
                0x0080046b                toSend
                0x00800473                arrFill
                0x00800673                r7
                0x00800674                dir
                0x0080068a                adcl_val
                0x0080068b                msb_lsb_comb
                0x0080068d                r2
                0x0080068e                DATA_RTD1
                0x00800690                res
                0x00800691                adch_val
                0x00800692                fatfs
                0x008008c4                r1
                0x008008c5                PROVIDE (__bss_end, .)
                0x00004f30                __data_load_start = LOADADDR (.data)
                0x00004fd0                __data_load_end = (__data_load_start + SIZEOF (.data))

.noinit         0x008008c5        0x0
                0x008008c5                PROVIDE (__noinit_start, .)
 *(.noinit*)
                0x008008c5                PROVIDE (__noinit_end, .)
                0x008008c5                _end = .
                0x008008c5                PROVIDE (__heap_start, .)

.eeprom         0x00810000        0x0
 *(.eeprom*)
                0x00810000                __eeprom_end = .

.fuse
 *(.fuse)
 *(.lfuse)
 *(.hfuse)
 *(.efuse)

.lock
 *(.lock*)

.signature
 *(.signature*)

.stab           0x00000000      0x6cc
 *(.stab)
 .stab          0x00000000      0x6cc c:/program files (x86)/atmel/atmel studio 6.0/extensions/atmel/avrgcc/3.4.0.65/avrtoolchain/bin/../lib/gcc/avr/4.6.2/../../../../avr/lib/avr51/crtm1284p.o

.stabstr        0x00000000       0x85
 *(.stabstr)
 .stabstr       0x00000000       0x85 c:/program files (x86)/atmel/atmel studio 6.0/extensions/atmel/avrgcc/3.4.0.65/avrtoolchain/bin/../lib/gcc/avr/4.6.2/../../../../avr/lib/avr51/crtm1284p.o

.stab.excl
 *(.stab.excl)

.stab.exclstr
 *(.stab.exclstr)

.stab.index
 *(.stab.index)

.stab.indexstr
 *(.stab.indexstr)

.comment
 *(.comment)

.debug
 *(.debug)

.line
 *(.line)

.debug_srcinfo
 *(.debug_srcinfo)

.debug_sfnames
 *(.debug_sfnames)

.debug_aranges  0x00000000      0x120
 *(.debug_aranges)
 .debug_aranges
                0x00000000       0x20 diskio.o
 .debug_aranges
                0x00000020       0x20 ff.o
 .debug_aranges
                0x00000040       0x20 GccApplication1_IVFW2.o
 .debug_aranges
                0x00000060       0x20 uart.o
 .debug_aranges
                0x00000080       0x20 c:/program files (x86)/atmel/atmel studio 6.0/extensions/atmel/avrgcc/3.4.0.65/avrtoolchain/bin/../lib/gcc/avr/4.6.2/avr51\libgcc.a(_mulsi3.o)
 .debug_aranges
                0x000000a0       0x20 c:/program files (x86)/atmel/atmel studio 6.0/extensions/atmel/avrgcc/3.4.0.65/avrtoolchain/bin/../lib/gcc/avr/4.6.2/avr51\libgcc.a(_udivmodsi4.o)
 .debug_aranges
                0x000000c0       0x20 c:/program files (x86)/atmel/atmel studio 6.0/extensions/atmel/avrgcc/3.4.0.65/avrtoolchain/bin/../lib/gcc/avr/4.6.2/avr51\libgcc.a(_exit.o)
 .debug_aranges
                0x000000e0       0x20 c:/program files (x86)/atmel/atmel studio 6.0/extensions/atmel/avrgcc/3.4.0.65/avrtoolchain/bin/../lib/gcc/avr/4.6.2/avr51\libgcc.a(_copy_data.o)
 .debug_aranges
                0x00000100       0x20 c:/program files (x86)/atmel/atmel studio 6.0/extensions/atmel/avrgcc/3.4.0.65/avrtoolchain/bin/../lib/gcc/avr/4.6.2/avr51\libgcc.a(_clear_bss.o)

.debug_pubnames
 *(.debug_pubnames)

.debug_info     0x00000000     0x3148
 *(.debug_info)
 .debug_info    0x00000000      0x5c4 diskio.o
 .debug_info    0x000005c4     0x1a24 ff.o
 .debug_info    0x00001fe8      0xb00 GccApplication1_IVFW2.o
 .debug_info    0x00002ae8      0x20a uart.o
 .debug_info    0x00002cf2       0xde c:/program files (x86)/atmel/atmel studio 6.0/extensions/atmel/avrgcc/3.4.0.65/avrtoolchain/bin/../lib/gcc/avr/4.6.2/avr51\libgcc.a(_mulsi3.o)
 .debug_info    0x00002dd0       0xde c:/program files (x86)/atmel/atmel studio 6.0/extensions/atmel/avrgcc/3.4.0.65/avrtoolchain/bin/../lib/gcc/avr/4.6.2/avr51\libgcc.a(_udivmodsi4.o)
 .debug_info    0x00002eae       0xde c:/program files (x86)/atmel/atmel studio 6.0/extensions/atmel/avrgcc/3.4.0.65/avrtoolchain/bin/../lib/gcc/avr/4.6.2/avr51\libgcc.a(_exit.o)
 .debug_info    0x00002f8c       0xde c:/program files (x86)/atmel/atmel studio 6.0/extensions/atmel/avrgcc/3.4.0.65/avrtoolchain/bin/../lib/gcc/avr/4.6.2/avr51\libgcc.a(_copy_data.o)
 .debug_info    0x0000306a       0xde c:/program files (x86)/atmel/atmel studio 6.0/extensions/atmel/avrgcc/3.4.0.65/avrtoolchain/bin/../lib/gcc/avr/4.6.2/avr51\libgcc.a(_clear_bss.o)
 *(.gnu.linkonce.wi.*)

.debug_abbrev   0x00000000      0x8ff
 *(.debug_abbrev)
 .debug_abbrev  0x00000000      0x240 diskio.o
 .debug_abbrev  0x00000240      0x284 ff.o
 .debug_abbrev  0x000004c4      0x2b3 GccApplication1_IVFW2.o
 .debug_abbrev  0x00000777      0x124 uart.o
 .debug_abbrev  0x0000089b       0x14 c:/program files (x86)/atmel/atmel studio 6.0/extensions/atmel/avrgcc/3.4.0.65/avrtoolchain/bin/../lib/gcc/avr/4.6.2/avr51\libgcc.a(_mulsi3.o)
 .debug_abbrev  0x000008af       0x14 c:/program files (x86)/atmel/atmel studio 6.0/extensions/atmel/avrgcc/3.4.0.65/avrtoolchain/bin/../lib/gcc/avr/4.6.2/avr51\libgcc.a(_udivmodsi4.o)
 .debug_abbrev  0x000008c3       0x14 c:/program files (x86)/atmel/atmel studio 6.0/extensions/atmel/avrgcc/3.4.0.65/avrtoolchain/bin/../lib/gcc/avr/4.6.2/avr51\libgcc.a(_exit.o)
 .debug_abbrev  0x000008d7       0x14 c:/program files (x86)/atmel/atmel studio 6.0/extensions/atmel/avrgcc/3.4.0.65/avrtoolchain/bin/../lib/gcc/avr/4.6.2/avr51\libgcc.a(_copy_data.o)
 .debug_abbrev  0x000008eb       0x14 c:/program files (x86)/atmel/atmel studio 6.0/extensions/atmel/avrgcc/3.4.0.65/avrtoolchain/bin/../lib/gcc/avr/4.6.2/avr51\libgcc.a(_clear_bss.o)

.debug_line     0x00000000     0x133b
 *(.debug_line)
 .debug_line    0x00000000      0x331 diskio.o
 .debug_line    0x00000331      0x893 ff.o
 .debug_line    0x00000bc4      0x36b GccApplication1_IVFW2.o
 .debug_line    0x00000f2f      0x116 uart.o
 .debug_line    0x00001045       0xa5 c:/program files (x86)/atmel/atmel studio 6.0/extensions/atmel/avrgcc/3.4.0.65/avrtoolchain/bin/../lib/gcc/avr/4.6.2/avr51\libgcc.a(_mulsi3.o)
 .debug_line    0x000010ea       0xa8 c:/program files (x86)/atmel/atmel studio 6.0/extensions/atmel/avrgcc/3.4.0.65/avrtoolchain/bin/../lib/gcc/avr/4.6.2/avr51\libgcc.a(_udivmodsi4.o)
 .debug_line    0x00001192       0x88 c:/program files (x86)/atmel/atmel studio 6.0/extensions/atmel/avrgcc/3.4.0.65/avrtoolchain/bin/../lib/gcc/avr/4.6.2/avr51\libgcc.a(_exit.o)
 .debug_line    0x0000121a       0x93 c:/program files (x86)/atmel/atmel studio 6.0/extensions/atmel/avrgcc/3.4.0.65/avrtoolchain/bin/../lib/gcc/avr/4.6.2/avr51\libgcc.a(_copy_data.o)
 .debug_line    0x000012ad       0x8e c:/program files (x86)/atmel/atmel studio 6.0/extensions/atmel/avrgcc/3.4.0.65/avrtoolchain/bin/../lib/gcc/avr/4.6.2/avr51\libgcc.a(_clear_bss.o)

.debug_frame    0x00000000      0xdac
 *(.debug_frame)
 .debug_frame   0x00000000      0x1bc diskio.o
 .debug_frame   0x000001bc      0x938 ff.o
 .debug_frame   0x00000af4      0x1e8 GccApplication1_IVFW2.o
 .debug_frame   0x00000cdc       0xd0 uart.o

.debug_str      0x00000000      0x91a
 *(.debug_str)
 .debug_str     0x00000000      0x237 diskio.o
                                0x288 (size before relaxing)
 .debug_str     0x00000237      0x444 ff.o
                                0x5ab (size before relaxing)
 .debug_str     0x0000067b      0x23d GccApplication1_IVFW2.o
                                0x561 (size before relaxing)
 .debug_str     0x000008b8       0x62 uart.o
                                0x148 (size before relaxing)

.debug_loc      0x00000000     0x59d3
 *(.debug_loc)
 .debug_loc     0x00000000      0x959 diskio.o
 .debug_loc     0x00000959     0x4c4e ff.o
 .debug_loc     0x000055a7      0x20e GccApplication1_IVFW2.o
 .debug_loc     0x000057b5      0x21e uart.o

.debug_macinfo
 *(.debug_macinfo)
OUTPUT(GccApplication1_IVFW2.elf elf32-avr)
LOAD linker stubs

.debug_ranges   0x00000000      0x100
 .debug_ranges  0x00000000       0xe8 ff.o
 .debug_ranges  0x000000e8       0x18 GccApplication1_IVFW2.o
